../Core/Src/stm32f7xx_hal_msp.c:65:6:HAL_MspInit	8	static
../Core/Src/stm32f7xx_hal_msp.c:87:6:HAL_ETH_MspInit	72	static
../Core/Src/stm32f7xx_hal_msp.c:154:6:HAL_ETH_MspDeInit	8	static
../Core/Src/stm32f7xx_hal_msp.c:196:6:HAL_I2C_MspInit	168	static
../Core/Src/stm32f7xx_hal_msp.c:242:6:HAL_I2C_MspDeInit	8	static
../Core/Src/stm32f7xx_hal_msp.c:273:6:HAL_TIM_PWM_MspInit	8	static
../Core/Src/stm32f7xx_hal_msp.c:289:6:HAL_TIM_MspPostInit	32	static
../Core/Src/stm32f7xx_hal_msp.c:321:6:HAL_TIM_PWM_MspDeInit	0	static
../Core/Src/stm32f7xx_hal_msp.c:343:6:HAL_UART_MspInit	168	static
../Core/Src/stm32f7xx_hal_msp.c:390:6:HAL_UART_MspDeInit	0	static
../Core/Src/stm32f7xx_hal_msp.c:419:6:HAL_PCD_MspInit	184	static
../Core/Src/stm32f7xx_hal_msp.c:473:6:HAL_PCD_MspDeInit	0	static
