../Core/Src/main.c:104:5:main	8	static
../Core/Src/main.c:155:6:SystemClock_Config	88	static
../Core/Src/main.c:205:13:MX_ETH_Init	8	static
../Core/Src/main.c:254:13:MX_I2C1_Init	8	static
../Core/Src/main.c:302:13:MX_TIM2_Init	40	static
../Core/Src/main.c:347:13:MX_TIM3_Init	48	static
../Core/Src/main.c:396:13:MX_USART3_UART_Init	8	static
../Core/Src/main.c:431:13:MX_USB_OTG_FS_PCD_Init	8	static
../Core/Src/main.c:466:13:MX_GPIO_Init	56	static
../Core/Src/main.c:513:6:HAL_TIM_PeriodElapsedCallback	24	static
../Core/Src/main.c:537:6:Error_Handler	4	static,ignoring_inline_asm
