../Core/Src/main.c:101:5:main	8	static
../Core/Src/main.c:158:6:SystemClock_Config	88	static
../Core/Src/main.c:208:13:MX_ETH_Init	8	static
../Core/Src/main.c:257:13:MX_I2C1_Init	8	static
../Core/Src/main.c:305:13:MX_TIM2_Init	40	static
../Core/Src/main.c:350:13:MX_TIM3_Init	48	static
../Core/Src/main.c:399:13:MX_USART3_UART_Init	8	static
../Core/Src/main.c:434:13:MX_USB_OTG_FS_PCD_Init	8	static
../Core/Src/main.c:469:13:MX_GPIO_Init	56	static
../Core/Src/main.c:516:6:HAL_TIM_PeriodElapsedCallback	24	static
../Core/Src/main.c:530:6:Error_Handler	4	static,ignoring_inline_asm
